################################################################################
################################################################################
################################################################################
################################################################################
################################################################################
################################################################################
################################################################################
################################rrrrrrrrrrrrr###################################
################################rrr<rrrrrrrrr###################################
################################rrrrrrrrrrrrr###################################
################################rrrrrrrrrrrrr###################################
################################rrrrrrr Hrrrr###################################
################################rrrrrrrrrrrrr###################################
################################################################################
################################################################################
################################################################################
################################################################################
################################################################################
################################################################################
################################################################################
################################################################################
################################################################################
################################################################################
################################################################################