################################################################################
################################################################################
################################################################################
################################################################################
################################################################################
################################################################################
################################################################################
################################rrrrrrrrrrrrr###################################
################################rrr<rrrrrrrrr###################################
################################rrrrrrrrrrrrr###################################
################################rrrrrrrrrrrrr###################################
################################rrrssss Hrrrr###################################
################################rrrrrsssrrrrr###################################
################################################################################
################################################################################
################################################################################
################################################################################
################################################################################
################################################################################
################################################################################
################################################################################
################################################################################
################################################################################
################################################################################