################################################################################
################################################################################
################################################################################
################################################################################
################################################################################
################################################################################
################################################################################
################################### < ##########################################
###################################   ##########################################
################################### r ##########################################
############################## r         #######################################
#############################    r#####r  ######################################
############################ r#       ##   #####################################
############################       H   r    v###################################
############################  r ##        ######################################
############################## r   r     r  v###################################
###############################v         #######################################
################################################################################
################################################################################
################################################################################
################################################################################
################################################################################
################################################################################
################################################################################